a,b,result
beta,alpha,false
beta,beta,true
alpha,alpha,true
alpha,beta,false
beta,alpha,false
beta,beta,true
alpha,alpha,true
alpha,beta,false
