,Banana,Apple,Orange,Cat,Dog,Car,Airplane
Banana,0.000000,0.613723,0.642804,0.744609,0.795180,0.730879,0.691723
Apple,0.613723,0.000000,0.554730,0.637473,0.708086,0.595510,0.753477
Orange,0.642804,0.554730,0.000000,0.693860,0.680026,0.717020,0.808530
Cat,0.744609,0.637473,0.693860,0.000000,0.426903,0.519013,0.754282
Dog,0.795180,0.708086,0.680026,0.426903,0.000000,0.696660,0.815413
Car,0.730879,0.595510,0.717020,0.519013,0.696660,0.000000,0.610737
Airplane,0.691723,0.753477,0.808530,0.754282,0.815413,0.610737,0.000000
