adjective,noun,verb,is_grammatical
happy,dog,runs,Yes
lazy,cat,sleeps,Yes
clever,fox,jumps,Yes
