,Apple,Banana,Cat,Orange,Dog,Car,Airplane
Apple,0.000000,0.613723,0.637473,0.554730,0.708086,0.595510,0.753477
Banana,0.613723,0.000000,0.744609,0.642804,0.795180,0.730879,0.691723
Cat,0.637473,0.744609,0.000000,0.693860,0.426903,0.519013,0.754282
Orange,0.554730,0.642804,0.693860,0.000000,0.680026,0.717020,0.808530
Dog,0.708086,0.795180,0.426903,0.680026,0.000000,0.696660,0.815413
Car,0.595510,0.730879,0.519013,0.717020,0.696660,0.000000,0.610737
Airplane,0.753477,0.691723,0.754282,0.808530,0.815413,0.610737,0.000000
