,Apple,Banana,Cat,Orange,Dog,Car,Airplane
Apple,0.000000,1.107902,1.129135,1.053309,1.190030,1.091338,1.227580
Banana,1.107902,0.000000,1.220335,1.133847,1.261095,1.209031,1.176200
Cat,1.129135,1.220335,0.000000,1.178015,0.924016,1.018836,1.228236
Orange,1.053309,1.133847,1.178015,0.000000,1.166213,1.197514,1.271637
Dog,1.190030,1.261095,0.924016,1.166213,0.000000,1.180390,1.277038
Car,1.091338,1.209031,1.018836,1.197514,1.180390,0.000000,1.105203
Airplane,1.227580,1.176200,1.228236,1.271637,1.277038,1.105203,0.000000
