statement,accuracy,_model_name,_model_temperature
The Earth is flat.,False,gpt-4o-mini,0.0
The Sun revolves around the Earth.,False,gpt-4o-mini,0.0
