fruit,color,is_color_match
apple,red,Yes
apple,yellow,No
banana,red,No
banana,yellow,Yes
orange,red,No
orange,yellow,No
