food,food_color
banana,yellow
orange,orange
carrot,orange
strawberry,red
