_model_name,_model_temperature,_model_top_p,_elo_competitor,_elo_rating,_elo_wins,_elo_loss,_elo_draws
gpt-4o-mini,0.0,1.0,The Milky Way galaxy,1099,7,0,0
gpt-4o-mini,0.0,1.0,Sagittarius A*,1047,5,2,0
gpt-4o-mini,0.0,1.0,A dwarf star,1031,5,3,0
gpt-4o-mini,0.0,1.0,The sun,1013,5,4,0
gpt-4o-mini,0.0,1.0,Jupiter,1000,5,5,0
gpt-4o-mini,0.0,1.0,The earth,971,3,5,0
gpt-4o-mini,0.0,1.0,Mars,935,2,6,0
gpt-4o-mini,0.0,1.0,The moon,900,0,7,0
