,Fruit,Animal,Vehicle,Building
Banana,0.460564,0.693097,0.731569,0.808799
Apple,0.585230,0.623303,0.669146,0.764457
Orange,0.636908,0.678502,0.704314,0.822960
Cat,0.744163,0.384383,0.600382,0.780631
Dog,0.787005,0.464705,0.694822,0.807497
Car,0.722593,0.589984,0.301322,0.598623
Truck,0.705466,0.698807,0.477735,0.692155
