_model_name,_model_temperature,_model_top_p,_elo_competitor,_elo_rating,_elo_wins,_elo_loss,_elo_draws
gpt-4.1-mini,0.0,1.0,5,1071.0,5.0,0.0,0.0
gpt-4.1-mini,0.0,1.0,4,1033.0,4.0,2.0,0.0
gpt-4.1-mini,0.0,1.0,3,997.0,3.0,3.0,0.0
gpt-4.1-mini,0.0,1.0,2,970.0,2.0,4.0,0.0
gpt-4.1-mini,0.0,1.0,1,926.0,0.0,5.0,0.0
